******************************************************************************
                  MSP430 Linker PC v21.6.1                     
******************************************************************************
>> Linked Fri Feb 24 20:05:01 2023

OUTPUT FILE NAME:   <MSP430F249.out>
ENTRY POINT SYMBOL: "_c_int00_noargs"  address: 000017d4


MEMORY CONFIGURATION

         name            origin    length      used     unused   attr    fill
----------------------  --------  ---------  --------  --------  ----  --------
  SFR                   00000000   00000010  00000000  00000010  RWIX
  PERIPHERALS_8BIT      00000010   000000f0  00000000  000000f0  RWIX
  PERIPHERALS_16BIT     00000100   00000100  00000000  00000100  RWIX
  RAM                   00000200   00000800  00000059  000007a7  RWIX
  INFOD                 00001000   00000040  00000000  00000040  RWIX
  INFOC                 00001040   00000040  00000000  00000040  RWIX
  INFOB                 00001080   00000040  00000000  00000040  RWIX
  INFOA                 000010c0   00000040  00000000  00000040  RWIX
  FLASH                 00001100   0000eec0  00000762  0000e75e  RWIX
  INT00                 0000ffc0   00000002  00000002  00000000  RWIX
  INT01                 0000ffc2   00000002  00000002  00000000  RWIX
  INT02                 0000ffc4   00000002  00000002  00000000  RWIX
  INT03                 0000ffc6   00000002  00000002  00000000  RWIX
  INT04                 0000ffc8   00000002  00000002  00000000  RWIX
  INT05                 0000ffca   00000002  00000002  00000000  RWIX
  INT06                 0000ffcc   00000002  00000002  00000000  RWIX
  INT07                 0000ffce   00000002  00000002  00000000  RWIX
  INT08                 0000ffd0   00000002  00000002  00000000  RWIX
  INT09                 0000ffd2   00000002  00000002  00000000  RWIX
  INT10                 0000ffd4   00000002  00000002  00000000  RWIX
  INT11                 0000ffd6   00000002  00000002  00000000  RWIX
  INT12                 0000ffd8   00000002  00000002  00000000  RWIX
  INT13                 0000ffda   00000002  00000002  00000000  RWIX
  INT14                 0000ffdc   00000002  00000002  00000000  RWIX
  BSLSIGNATURE          0000ffde   00000002  00000002  00000000  RWIX  ffff 
  INT16                 0000ffe0   00000002  00000002  00000000  RWIX
  INT17                 0000ffe2   00000002  00000002  00000000  RWIX
  INT18                 0000ffe4   00000002  00000002  00000000  RWIX
  INT19                 0000ffe6   00000002  00000002  00000000  RWIX
  INT20                 0000ffe8   00000002  00000002  00000000  RWIX
  INT21                 0000ffea   00000002  00000002  00000000  RWIX
  INT22                 0000ffec   00000002  00000002  00000000  RWIX
  INT23                 0000ffee   00000002  00000002  00000000  RWIX
  INT24                 0000fff0   00000002  00000002  00000000  RWIX
  INT25                 0000fff2   00000002  00000002  00000000  RWIX
  INT26                 0000fff4   00000002  00000002  00000000  RWIX
  INT27                 0000fff6   00000002  00000002  00000000  RWIX
  INT28                 0000fff8   00000002  00000002  00000000  RWIX
  INT29                 0000fffa   00000002  00000002  00000000  RWIX
  INT30                 0000fffc   00000002  00000002  00000000  RWIX
  RESET                 0000fffe   00000002  00000002  00000000  RWIX


SECTION ALLOCATION MAP

 output                                  attributes/
section   page    origin      length       input sections
--------  ----  ----------  ----------   ----------------
.data      0    00000200    00000009     UNINITIALIZED
                  00000200    00000009     main.obj (.data)

.stack     0    000009b0    00000050     UNINITIALIZED
                  000009b0    00000002     rts430_eabi.lib : boot.c.obj (.stack)
                  000009b2    0000004e     --HOLE--

.text      0    00001100    0000074e     
                  00001100    0000021c     main.obj (.text:Port_2)
                  0000131c    000001f0     main.obj (.text:main)
                  0000150c    00000102     main.obj (.text:Timer_A)
                  0000160e    0000007c     rts430_eabi.lib : copy_decompress_lzss.c.obj (.text:decompress:lzss:__TI_decompress_lzss)
                  0000168a    0000004c                     : lsr16.asm.obj (.text)
                  000016d6    00000042                     : autoinit.c.obj (.text:__TI_auto_init_nobinit_nopinit:__TI_auto_init_nobinit_nopinit)
                  00001718    00000032     main.obj (.text:write_com)
                  0000174a    00000032     main.obj (.text:write_data)
                  0000177c    0000002c     rts430_eabi.lib : div16s.asm.obj (.text)
                  000017a8    0000002c                     : lsl16.asm.obj (.text)
                  000017d4    0000001c                     : boot.c.obj (.text:_c_int00_noargs)
                  000017f0    00000016                     : div16u.asm.obj (.text)
                  00001806    00000012                     : copy_decompress_none.c.obj (.text:decompress:none:__TI_decompress_none)
                  00001818    00000012                     : memcpy.c.obj (.text:memcpy)
                  0000182a    00000010                     : epilog.asm.obj (.text)
                  0000183a    00000008                     : isr_trap.asm.obj (.text:_isr:__TI_ISR_TRAP)
                  00001842    00000006                     : exit.c.obj (.text:abort)
                  00001848    00000004                     : pre_init.c.obj (.text:_system_pre_init)
                  0000184c    00000002                     : startup.c.obj (.text:_system_post_cinit)

.cinit     0    0000184e    00000014     
                  0000184e    0000000b     (.cinit..data.load) [load image, compression = lzss]
                  00001859    00000001     --HOLE-- [fill = 0]
                  0000185a    00000004     (__TI_handler_table)
                  0000185e    00000004     (__TI_cinit_table)

.binit     0    00001100    00000000     

.init_array 
*          0    00001100    00000000     UNINITIALIZED

RESERVED0 
*          0    0000ffc0    00000002     
                  0000ffc0    00000002     rts430_eabi.lib : int00.asm.obj (.int00)

RESERVED1 
*          0    0000ffc2    00000002     
                  0000ffc2    00000002     rts430_eabi.lib : int01.asm.obj (.int01)

RESERVED2 
*          0    0000ffc4    00000002     
                  0000ffc4    00000002     rts430_eabi.lib : int02.asm.obj (.int02)

RESERVED3 
*          0    0000ffc6    00000002     
                  0000ffc6    00000002     rts430_eabi.lib : int03.asm.obj (.int03)

RESERVED4 
*          0    0000ffc8    00000002     
                  0000ffc8    00000002     rts430_eabi.lib : int04.asm.obj (.int04)

RESERVED5 
*          0    0000ffca    00000002     
                  0000ffca    00000002     rts430_eabi.lib : int05.asm.obj (.int05)

RESERVED6 
*          0    0000ffcc    00000002     
                  0000ffcc    00000002     rts430_eabi.lib : int06.asm.obj (.int06)

RESERVED7 
*          0    0000ffce    00000002     
                  0000ffce    00000002     rts430_eabi.lib : int07.asm.obj (.int07)

RESERVED8 
*          0    0000ffd0    00000002     
                  0000ffd0    00000002     rts430_eabi.lib : int08.asm.obj (.int08)

RESERVED9 
*          0    0000ffd2    00000002     
                  0000ffd2    00000002     rts430_eabi.lib : int09.asm.obj (.int09)

RESERVED10 
*          0    0000ffd4    00000002     
                  0000ffd4    00000002     rts430_eabi.lib : int10.asm.obj (.int10)

RESERVED11 
*          0    0000ffd6    00000002     
                  0000ffd6    00000002     rts430_eabi.lib : int11.asm.obj (.int11)

RESERVED12 
*          0    0000ffd8    00000002     
                  0000ffd8    00000002     rts430_eabi.lib : int12.asm.obj (.int12)

RESERVED13 
*          0    0000ffda    00000002     
                  0000ffda    00000002     rts430_eabi.lib : int13.asm.obj (.int13)

RESERVED14 
*          0    0000ffdc    00000002     
                  0000ffdc    00000002     rts430_eabi.lib : int14.asm.obj (.int14)

USCIAB1TX 
*          0    0000ffe0    00000002     
                  0000ffe0    00000002     rts430_eabi.lib : int16.asm.obj (.int16)

USCIAB1RX 
*          0    0000ffe2    00000002     
                  0000ffe2    00000002     rts430_eabi.lib : int17.asm.obj (.int17)

PORT1      0    0000ffe4    00000002     
                  0000ffe4    00000002     rts430_eabi.lib : int18.asm.obj (.int18)

PORT2      0    0000ffe6    00000002     
                  0000ffe6    00000002     main.obj (.int19)

RESERVED20 
*          0    0000ffe8    00000002     
                  0000ffe8    00000002     rts430_eabi.lib : int20.asm.obj (.int20)

ADC12      0    0000ffea    00000002     
                  0000ffea    00000002     rts430_eabi.lib : int21.asm.obj (.int21)

USCIAB0TX 
*          0    0000ffec    00000002     
                  0000ffec    00000002     rts430_eabi.lib : int22.asm.obj (.int22)

USCIAB0RX 
*          0    0000ffee    00000002     
                  0000ffee    00000002     rts430_eabi.lib : int23.asm.obj (.int23)

TIMERA1    0    0000fff0    00000002     
                  0000fff0    00000002     rts430_eabi.lib : int24.asm.obj (.int24)

TIMERA0    0    0000fff2    00000002     
                  0000fff2    00000002     main.obj (.int25)

WDT        0    0000fff4    00000002     
                  0000fff4    00000002     rts430_eabi.lib : int26.asm.obj (.int26)

COMPARATORA 
*          0    0000fff6    00000002     
                  0000fff6    00000002     rts430_eabi.lib : int27.asm.obj (.int27)

TIMERB1    0    0000fff8    00000002     
                  0000fff8    00000002     rts430_eabi.lib : int28.asm.obj (.int28)

TIMERB0    0    0000fffa    00000002     
                  0000fffa    00000002     rts430_eabi.lib : int29.asm.obj (.int29)

NMI        0    0000fffc    00000002     
                  0000fffc    00000002     rts430_eabi.lib : int30.asm.obj (.int30)

.reset     0    0000fffe    00000002     
                  0000fffe    00000002     rts430_eabi.lib : boot.c.obj (.reset)

$fill000   0    0000ffde    00000002     
                  0000ffde    00000002     --HOLE-- [fill = ffff]

MODULE SUMMARY

       Module                       code   ro data   rw data
       ------                       ----   -------   -------
    .\
       main.obj                     1394   4         9      
    +--+----------------------------+------+---------+---------+
       Total:                       1394   4         9      
                                                            
    C:\ti\ccs1220\ccs\tools\compiler\ti-cgt-msp430_21.6.1.LTS\lib\rts430_eabi.lib
       copy_decompress_lzss.c.obj   124    0         0      
       lsr16.asm.obj                76     0         0      
       autoinit.c.obj               66     0         0      
       div16s.asm.obj               44     0         0      
       lsl16.asm.obj                44     0         0      
       boot.c.obj                   28     2         0      
       div16u.asm.obj               22     0         0      
       copy_decompress_none.c.obj   18     0         0      
       memcpy.c.obj                 18     0         0      
       epilog.asm.obj               16     0         0      
       isr_trap.asm.obj             8      0         0      
       exit.c.obj                   6      0         0      
       pre_init.c.obj               4      0         0      
       int00.asm.obj                0      2         0      
       int01.asm.obj                0      2         0      
       int02.asm.obj                0      2         0      
       int03.asm.obj                0      2         0      
       int04.asm.obj                0      2         0      
       int05.asm.obj                0      2         0      
       int06.asm.obj                0      2         0      
       int07.asm.obj                0      2         0      
       int08.asm.obj                0      2         0      
       int09.asm.obj                0      2         0      
       int10.asm.obj                0      2         0      
       int11.asm.obj                0      2         0      
       int12.asm.obj                0      2         0      
       int13.asm.obj                0      2         0      
       int14.asm.obj                0      2         0      
       int16.asm.obj                0      2         0      
       int17.asm.obj                0      2         0      
       int18.asm.obj                0      2         0      
       int20.asm.obj                0      2         0      
       int21.asm.obj                0      2         0      
       int22.asm.obj                0      2         0      
       int23.asm.obj                0      2         0      
       int24.asm.obj                0      2         0      
       int26.asm.obj                0      2         0      
       int27.asm.obj                0      2         0      
       int28.asm.obj                0      2         0      
       int29.asm.obj                0      2         0      
       int30.asm.obj                0      2         0      
       startup.c.obj                2      0         0      
    +--+----------------------------+------+---------+---------+
       Total:                       476    58        0      
                                                            
       Stack:                       0      0         80     
       Linker Generated:            0      19        0      
    +--+----------------------------+------+---------+---------+
       Grand Total:                 1870   81        89     


LINKER GENERATED COPY TABLES

__TI_cinit_table @ 0000185e records: 1, size/record: 4, table size: 4
	.data: load addr=0000184e, load size=0000000b bytes, run addr=00000200, run size=00000009 bytes, compression=lzss


LINKER GENERATED HANDLER TABLE

__TI_handler_table @ 0000185a records: 2, size/record: 2, table size: 4
	index: 0, handler: __TI_decompress_lzss
	index: 1, handler: __TI_decompress_none


GLOBAL SYMBOLS: SORTED ALPHABETICALLY BY Name 

address   name                          
-------   ----                          
000001a0  ADC12CTL0                     
000001a2  ADC12CTL1                     
000001a6  ADC12IE                       
000001a4  ADC12IFG                      
000001a8  ADC12IV                       
00000080  ADC12MCTL0                    
00000081  ADC12MCTL1                    
0000008a  ADC12MCTL10                   
0000008b  ADC12MCTL11                   
0000008c  ADC12MCTL12                   
0000008d  ADC12MCTL13                   
0000008e  ADC12MCTL14                   
0000008f  ADC12MCTL15                   
00000082  ADC12MCTL2                    
00000083  ADC12MCTL3                    
00000084  ADC12MCTL4                    
00000085  ADC12MCTL5                    
00000086  ADC12MCTL6                    
00000087  ADC12MCTL7                    
00000088  ADC12MCTL8                    
00000089  ADC12MCTL9                    
00000140  ADC12MEM0                     
00000142  ADC12MEM1                     
00000154  ADC12MEM10                    
00000156  ADC12MEM11                    
00000158  ADC12MEM12                    
0000015a  ADC12MEM13                    
0000015c  ADC12MEM14                    
0000015e  ADC12MEM15                    
00000144  ADC12MEM2                     
00000146  ADC12MEM3                     
00000148  ADC12MEM4                     
0000014a  ADC12MEM5                     
0000014c  ADC12MEM6                     
0000014e  ADC12MEM7                     
00000150  ADC12MEM8                     
00000152  ADC12MEM9                     
00000057  BCSCTL1                       
00000058  BCSCTL2                       
00000053  BCSCTL3                       
00001842  C$$EXIT                       
00000059  CACTL1                        
0000005a  CACTL2                        
000010fb  CALBC1_12MHZ                  
000010f9  CALBC1_16MHZ                  
000010ff  CALBC1_1MHZ                   
000010fd  CALBC1_8MHZ                   
000010fa  CALDCO_12MHZ                  
000010f8  CALDCO_16MHZ                  
000010fe  CALDCO_1MHZ                   
000010fc  CALDCO_8MHZ                   
0000005b  CAPD                          
00000056  DCOCTL                        
00000128  FCTL1                         
0000012a  FCTL2                         
0000012c  FCTL3                         
000001be  FCTL4                         
00000000  IE1                           
00000001  IE2                           
00000002  IFG1                          
00000003  IFG2                          
00000134  MAC                           
00000136  MACS                          
00000130  MPY                           
00000132  MPYS                          
00000138  OP2                           
00000022  P1DIR                         
00000025  P1IE                          
00000024  P1IES                         
00000023  P1IFG                         
00000020  P1IN                          
00000021  P1OUT                         
00000027  P1REN                         
00000026  P1SEL                         
0000002a  P2DIR                         
0000002d  P2IE                          
0000002c  P2IES                         
0000002b  P2IFG                         
00000028  P2IN                          
00000029  P2OUT                         
0000002f  P2REN                         
0000002e  P2SEL                         
0000001a  P3DIR                         
00000018  P3IN                          
00000019  P3OUT                         
00000010  P3REN                         
0000001b  P3SEL                         
0000001e  P4DIR                         
0000001c  P4IN                          
0000001d  P4OUT                         
00000011  P4REN                         
0000001f  P4SEL                         
00000032  P5DIR                         
00000030  P5IN                          
00000031  P5OUT                         
00000012  P5REN                         
00000033  P5SEL                         
00000036  P6DIR                         
00000034  P6IN                          
00000035  P6OUT                         
00000013  P6REN                         
00000037  P6SEL                         
00001100  Port_2                        
0000013c  RESHI                         
0000013a  RESLO                         
0000013e  SUMEXT                        
00000055  SVSCTL                        
00000208  Set_Mode                      
00000172  TACCR0                        
00000174  TACCR1                        
00000176  TACCR2                        
00000162  TACCTL0                       
00000164  TACCTL1                       
00000166  TACCTL2                       
00000160  TACTL                         
0000012e  TAIV                          
00000170  TAR                           
00000192  TBCCR0                        
00000194  TBCCR1                        
00000196  TBCCR2                        
00000198  TBCCR3                        
0000019a  TBCCR4                        
0000019c  TBCCR5                        
0000019e  TBCCR6                        
00000182  TBCCTL0                       
00000184  TBCCTL1                       
00000186  TBCCTL2                       
00000188  TBCCTL3                       
0000018a  TBCCTL4                       
0000018c  TBCCTL5                       
0000018e  TBCCTL6                       
00000180  TBCTL                         
0000011e  TBIV                          
00000190  TBR                           
000010db  TLV_ADC12_1_LEN               
000010da  TLV_ADC12_1_TAG               
000010c0  TLV_CHECKSUM                  
000010f7  TLV_DCO_30_LEN                
000010f6  TLV_DCO_30_TAG                
0000150c  Timer_A                       
00000006  UC1IE                         
00000007  UC1IFG                        
0000005d  UCA0ABCTL                     
00000062  UCA0BR0                       
00000063  UCA0BR1                       
00000060  UCA0CTL0                      
00000061  UCA0CTL1                      
0000005f  UCA0IRRCTL                    
0000005e  UCA0IRTCTL                    
00000064  UCA0MCTL                      
00000066  UCA0RXBUF                     
00000065  UCA0STAT                      
00000067  UCA0TXBUF                     
000000cd  UCA1ABCTL                     
000000d2  UCA1BR0                       
000000d3  UCA1BR1                       
000000d0  UCA1CTL0                      
000000d1  UCA1CTL1                      
000000cf  UCA1IRRCTL                    
000000ce  UCA1IRTCTL                    
000000d4  UCA1MCTL                      
000000d6  UCA1RXBUF                     
000000d5  UCA1STAT                      
000000d7  UCA1TXBUF                     
0000006a  UCB0BR0                       
0000006b  UCB0BR1                       
00000068  UCB0CTL0                      
00000069  UCB0CTL1                      
0000006c  UCB0I2CIE                     
00000118  UCB0I2COA                     
0000011a  UCB0I2CSA                     
0000006e  UCB0RXBUF                     
0000006d  UCB0STAT                      
0000006f  UCB0TXBUF                     
000000da  UCB1BR0                       
000000db  UCB1BR1                       
000000d8  UCB1CTL0                      
000000d9  UCB1CTL1                      
000000dc  UCB1I2CIE                     
0000017c  UCB1I2COA                     
0000017e  UCB1I2CSA                     
000000de  UCB1RXBUF                     
000000dd  UCB1STAT                      
000000df  UCB1TXBUF                     
00000120  WDTCTL                        
00000a00  __STACK_END                   
00000050  __STACK_SIZE                  
0000185e  __TI_CINIT_Base               
00001862  __TI_CINIT_Limit              
00001862  __TI_CINIT_Warm               
0000185a  __TI_Handler_Table_Base       
0000185e  __TI_Handler_Table_Limit      
0000183a  __TI_ISR_TRAP                 
000016d6  __TI_auto_init_nobinit_nopinit
0000160e  __TI_decompress_lzss          
00001806  __TI_decompress_none          
0000ffc0  __TI_int00                    
0000ffc2  __TI_int01                    
0000ffc4  __TI_int02                    
0000ffc6  __TI_int03                    
0000ffc8  __TI_int04                    
0000ffca  __TI_int05                    
0000ffcc  __TI_int06                    
0000ffce  __TI_int07                    
0000ffd0  __TI_int08                    
0000ffd2  __TI_int09                    
0000ffd4  __TI_int10                    
0000ffd6  __TI_int11                    
0000ffd8  __TI_int12                    
0000ffda  __TI_int13                    
0000ffdc  __TI_int14                    
0000ffe0  __TI_int16                    
0000ffe2  __TI_int17                    
0000ffe4  __TI_int18                    
0000ffe6  __TI_int19                    
0000ffe8  __TI_int20                    
0000ffea  __TI_int21                    
0000ffec  __TI_int22                    
0000ffee  __TI_int23                    
0000fff0  __TI_int24                    
0000fff2  __TI_int25                    
0000fff4  __TI_int26                    
0000fff6  __TI_int27                    
0000fff8  __TI_int28                    
0000fffa  __TI_int29                    
0000fffc  __TI_int30                    
ffffffff  __TI_pprof_out_hndl           
ffffffff  __TI_prof_data_size           
ffffffff  __TI_prof_data_start          
ffffffff  __c_args__                    
0000177c  __mspabi_divi                 
000017f0  __mspabi_divu                 
00001836  __mspabi_func_epilog_1        
00001834  __mspabi_func_epilog_2        
00001832  __mspabi_func_epilog_3        
00001830  __mspabi_func_epilog_4        
0000182e  __mspabi_func_epilog_5        
0000182c  __mspabi_func_epilog_6        
0000182a  __mspabi_func_epilog_7        
0000177c  __mspabi_remi                 
000017f0  __mspabi_remu                 
000017a8  __mspabi_slli                 
000017d0  __mspabi_slli_1               
000017be  __mspabi_slli_10              
000017bc  __mspabi_slli_11              
000017ba  __mspabi_slli_12              
000017b8  __mspabi_slli_13              
000017b6  __mspabi_slli_14              
000017b4  __mspabi_slli_15              
000017ce  __mspabi_slli_2               
000017cc  __mspabi_slli_3               
000017ca  __mspabi_slli_4               
000017c8  __mspabi_slli_5               
000017c6  __mspabi_slli_6               
000017c4  __mspabi_slli_7               
000017c2  __mspabi_slli_8               
000017c0  __mspabi_slli_9               
0000168a  __mspabi_srli                 
000016d0  __mspabi_srli_1               
000016ac  __mspabi_srli_10              
000016a8  __mspabi_srli_11              
000016a4  __mspabi_srli_12              
000016a0  __mspabi_srli_13              
0000169c  __mspabi_srli_14              
00001698  __mspabi_srli_15              
000016cc  __mspabi_srli_2               
000016c8  __mspabi_srli_3               
000016c4  __mspabi_srli_4               
000016c0  __mspabi_srli_5               
000016bc  __mspabi_srli_6               
000016b8  __mspabi_srli_7               
000016b4  __mspabi_srli_8               
000016b0  __mspabi_srli_9               
000017d4  _c_int00_noargs               
0000fffe  _reset_vector                 
000009b0  _stack                        
0000184c  _system_post_cinit            
00001848  _system_pre_init              
00001842  abort                         
00000200  display_hh                    
00000202  display_mm                    
00000204  display_ss                    
0000131c  main                          
00001818  memcpy                        
00000206  timer_cnt                     
00001718  write_com                     
0000174a  write_data                    


GLOBAL SYMBOLS: SORTED BY Symbol Address 

address   name                          
-------   ----                          
00000000  IE1                           
00000001  IE2                           
00000002  IFG1                          
00000003  IFG2                          
00000006  UC1IE                         
00000007  UC1IFG                        
00000010  P3REN                         
00000011  P4REN                         
00000012  P5REN                         
00000013  P6REN                         
00000018  P3IN                          
00000019  P3OUT                         
0000001a  P3DIR                         
0000001b  P3SEL                         
0000001c  P4IN                          
0000001d  P4OUT                         
0000001e  P4DIR                         
0000001f  P4SEL                         
00000020  P1IN                          
00000021  P1OUT                         
00000022  P1DIR                         
00000023  P1IFG                         
00000024  P1IES                         
00000025  P1IE                          
00000026  P1SEL                         
00000027  P1REN                         
00000028  P2IN                          
00000029  P2OUT                         
0000002a  P2DIR                         
0000002b  P2IFG                         
0000002c  P2IES                         
0000002d  P2IE                          
0000002e  P2SEL                         
0000002f  P2REN                         
00000030  P5IN                          
00000031  P5OUT                         
00000032  P5DIR                         
00000033  P5SEL                         
00000034  P6IN                          
00000035  P6OUT                         
00000036  P6DIR                         
00000037  P6SEL                         
00000050  __STACK_SIZE                  
00000053  BCSCTL3                       
00000055  SVSCTL                        
00000056  DCOCTL                        
00000057  BCSCTL1                       
00000058  BCSCTL2                       
00000059  CACTL1                        
0000005a  CACTL2                        
0000005b  CAPD                          
0000005d  UCA0ABCTL                     
0000005e  UCA0IRTCTL                    
0000005f  UCA0IRRCTL                    
00000060  UCA0CTL0                      
00000061  UCA0CTL1                      
00000062  UCA0BR0                       
00000063  UCA0BR1                       
00000064  UCA0MCTL                      
00000065  UCA0STAT                      
00000066  UCA0RXBUF                     
00000067  UCA0TXBUF                     
00000068  UCB0CTL0                      
00000069  UCB0CTL1                      
0000006a  UCB0BR0                       
0000006b  UCB0BR1                       
0000006c  UCB0I2CIE                     
0000006d  UCB0STAT                      
0000006e  UCB0RXBUF                     
0000006f  UCB0TXBUF                     
00000080  ADC12MCTL0                    
00000081  ADC12MCTL1                    
00000082  ADC12MCTL2                    
00000083  ADC12MCTL3                    
00000084  ADC12MCTL4                    
00000085  ADC12MCTL5                    
00000086  ADC12MCTL6                    
00000087  ADC12MCTL7                    
00000088  ADC12MCTL8                    
00000089  ADC12MCTL9                    
0000008a  ADC12MCTL10                   
0000008b  ADC12MCTL11                   
0000008c  ADC12MCTL12                   
0000008d  ADC12MCTL13                   
0000008e  ADC12MCTL14                   
0000008f  ADC12MCTL15                   
000000cd  UCA1ABCTL                     
000000ce  UCA1IRTCTL                    
000000cf  UCA1IRRCTL                    
000000d0  UCA1CTL0                      
000000d1  UCA1CTL1                      
000000d2  UCA1BR0                       
000000d3  UCA1BR1                       
000000d4  UCA1MCTL                      
000000d5  UCA1STAT                      
000000d6  UCA1RXBUF                     
000000d7  UCA1TXBUF                     
000000d8  UCB1CTL0                      
000000d9  UCB1CTL1                      
000000da  UCB1BR0                       
000000db  UCB1BR1                       
000000dc  UCB1I2CIE                     
000000dd  UCB1STAT                      
000000de  UCB1RXBUF                     
000000df  UCB1TXBUF                     
00000118  UCB0I2COA                     
0000011a  UCB0I2CSA                     
0000011e  TBIV                          
00000120  WDTCTL                        
00000128  FCTL1                         
0000012a  FCTL2                         
0000012c  FCTL3                         
0000012e  TAIV                          
00000130  MPY                           
00000132  MPYS                          
00000134  MAC                           
00000136  MACS                          
00000138  OP2                           
0000013a  RESLO                         
0000013c  RESHI                         
0000013e  SUMEXT                        
00000140  ADC12MEM0                     
00000142  ADC12MEM1                     
00000144  ADC12MEM2                     
00000146  ADC12MEM3                     
00000148  ADC12MEM4                     
0000014a  ADC12MEM5                     
0000014c  ADC12MEM6                     
0000014e  ADC12MEM7                     
00000150  ADC12MEM8                     
00000152  ADC12MEM9                     
00000154  ADC12MEM10                    
00000156  ADC12MEM11                    
00000158  ADC12MEM12                    
0000015a  ADC12MEM13                    
0000015c  ADC12MEM14                    
0000015e  ADC12MEM15                    
00000160  TACTL                         
00000162  TACCTL0                       
00000164  TACCTL1                       
00000166  TACCTL2                       
00000170  TAR                           
00000172  TACCR0                        
00000174  TACCR1                        
00000176  TACCR2                        
0000017c  UCB1I2COA                     
0000017e  UCB1I2CSA                     
00000180  TBCTL                         
00000182  TBCCTL0                       
00000184  TBCCTL1                       
00000186  TBCCTL2                       
00000188  TBCCTL3                       
0000018a  TBCCTL4                       
0000018c  TBCCTL5                       
0000018e  TBCCTL6                       
00000190  TBR                           
00000192  TBCCR0                        
00000194  TBCCR1                        
00000196  TBCCR2                        
00000198  TBCCR3                        
0000019a  TBCCR4                        
0000019c  TBCCR5                        
0000019e  TBCCR6                        
000001a0  ADC12CTL0                     
000001a2  ADC12CTL1                     
000001a4  ADC12IFG                      
000001a6  ADC12IE                       
000001a8  ADC12IV                       
000001be  FCTL4                         
00000200  display_hh                    
00000202  display_mm                    
00000204  display_ss                    
00000206  timer_cnt                     
00000208  Set_Mode                      
000009b0  _stack                        
00000a00  __STACK_END                   
000010c0  TLV_CHECKSUM                  
000010da  TLV_ADC12_1_TAG               
000010db  TLV_ADC12_1_LEN               
000010f6  TLV_DCO_30_TAG                
000010f7  TLV_DCO_30_LEN                
000010f8  CALDCO_16MHZ                  
000010f9  CALBC1_16MHZ                  
000010fa  CALDCO_12MHZ                  
000010fb  CALBC1_12MHZ                  
000010fc  CALDCO_8MHZ                   
000010fd  CALBC1_8MHZ                   
000010fe  CALDCO_1MHZ                   
000010ff  CALBC1_1MHZ                   
00001100  Port_2                        
0000131c  main                          
0000150c  Timer_A                       
0000160e  __TI_decompress_lzss          
0000168a  __mspabi_srli                 
00001698  __mspabi_srli_15              
0000169c  __mspabi_srli_14              
000016a0  __mspabi_srli_13              
000016a4  __mspabi_srli_12              
000016a8  __mspabi_srli_11              
000016ac  __mspabi_srli_10              
000016b0  __mspabi_srli_9               
000016b4  __mspabi_srli_8               
000016b8  __mspabi_srli_7               
000016bc  __mspabi_srli_6               
000016c0  __mspabi_srli_5               
000016c4  __mspabi_srli_4               
000016c8  __mspabi_srli_3               
000016cc  __mspabi_srli_2               
000016d0  __mspabi_srli_1               
000016d6  __TI_auto_init_nobinit_nopinit
00001718  write_com                     
0000174a  write_data                    
0000177c  __mspabi_divi                 
0000177c  __mspabi_remi                 
000017a8  __mspabi_slli                 
000017b4  __mspabi_slli_15              
000017b6  __mspabi_slli_14              
000017b8  __mspabi_slli_13              
000017ba  __mspabi_slli_12              
000017bc  __mspabi_slli_11              
000017be  __mspabi_slli_10              
000017c0  __mspabi_slli_9               
000017c2  __mspabi_slli_8               
000017c4  __mspabi_slli_7               
000017c6  __mspabi_slli_6               
000017c8  __mspabi_slli_5               
000017ca  __mspabi_slli_4               
000017cc  __mspabi_slli_3               
000017ce  __mspabi_slli_2               
000017d0  __mspabi_slli_1               
000017d4  _c_int00_noargs               
000017f0  __mspabi_divu                 
000017f0  __mspabi_remu                 
00001806  __TI_decompress_none          
00001818  memcpy                        
0000182a  __mspabi_func_epilog_7        
0000182c  __mspabi_func_epilog_6        
0000182e  __mspabi_func_epilog_5        
00001830  __mspabi_func_epilog_4        
00001832  __mspabi_func_epilog_3        
00001834  __mspabi_func_epilog_2        
00001836  __mspabi_func_epilog_1        
0000183a  __TI_ISR_TRAP                 
00001842  C$$EXIT                       
00001842  abort                         
00001848  _system_pre_init              
0000184c  _system_post_cinit            
0000185a  __TI_Handler_Table_Base       
0000185e  __TI_CINIT_Base               
0000185e  __TI_Handler_Table_Limit      
00001862  __TI_CINIT_Limit              
00001862  __TI_CINIT_Warm               
0000ffc0  __TI_int00                    
0000ffc2  __TI_int01                    
0000ffc4  __TI_int02                    
0000ffc6  __TI_int03                    
0000ffc8  __TI_int04                    
0000ffca  __TI_int05                    
0000ffcc  __TI_int06                    
0000ffce  __TI_int07                    
0000ffd0  __TI_int08                    
0000ffd2  __TI_int09                    
0000ffd4  __TI_int10                    
0000ffd6  __TI_int11                    
0000ffd8  __TI_int12                    
0000ffda  __TI_int13                    
0000ffdc  __TI_int14                    
0000ffe0  __TI_int16                    
0000ffe2  __TI_int17                    
0000ffe4  __TI_int18                    
0000ffe6  __TI_int19                    
0000ffe8  __TI_int20                    
0000ffea  __TI_int21                    
0000ffec  __TI_int22                    
0000ffee  __TI_int23                    
0000fff0  __TI_int24                    
0000fff2  __TI_int25                    
0000fff4  __TI_int26                    
0000fff6  __TI_int27                    
0000fff8  __TI_int28                    
0000fffa  __TI_int29                    
0000fffc  __TI_int30                    
0000fffe  _reset_vector                 
ffffffff  __TI_pprof_out_hndl           
ffffffff  __TI_prof_data_size           
ffffffff  __TI_prof_data_start          
ffffffff  __c_args__                    

[287 symbols]
