################################################################################
#                                                                              #
#      IAR Universal Linker V6.4.6.89                                          #
#                                                                              #
#           Link time     =  20/Feb/2023  11:47:33                             #
#           Target CPU    =  MSP430                                            #
#           List file     =  F:\单片机\单片机课程设计\msp430dsn\msp430dsn\desi #
#                            gn\Debug\List\new.map                             #
#           Output file 1 =  F:\单片机\单片机课程设计\msp430dsn\msp430dsn\desi #
#                            gn\Debug\Exe\new.a43                              #
#                            Format: intel-extended                            #
#           Command line  =  -f C:\Users\zhang\AppData\Local\Temp\EWFF83.tmp   #
#                            (F:\单片机\单片机课程设计\msp430dsn\msp430dsn\des #
#                            ign\Debug\Obj\main.r43                            #
#                            -o                                                #
#                            F:\单片机\单片机课程设计\msp430dsn\msp430dsn\desi #
#                            gn\Debug\Exe\new                                  #
#                            -Fintel-extended -l                               #
#                            F:\单片机\单片机课程设计\msp430dsn\msp430dsn\desi #
#                            gn\Debug\List\new.map                             #
#                            -xms -IE:\SoftWare\isa\430\LIB\ -f                #
#                            E:\SoftWare\isa\430\config\linker\lnk430f249.xcl  #
#                            (-cmsp430 -QCODE_I=CODE_ID -QTLS16_I=TLS16_ID     #
#                            -D__iar_HWMUL=130 -Z(CONST)INFO=1000-10FF         #
#                            -Z(CONST)INFOA=10C0-10FF                          #
#                            -Z(CONST)INFOB=1080-10BF                          #
#                            -Z(CONST)INFOC=1040-107F                          #
#                            -Z(CONST)INFOD=1000-103F                          #
#                            -Z(DATA)DATA16_I,DATA16_Z,DATA16_N,TLS16_I=0200-0 #
#                            9FF                                               #
#                            -Z(DATA)DATA16_HEAP+_DATA16_HEAP_SIZE             #
#                            -Z(DATA)CODE_I -Z(DATA)CSTACK+_STACK_SIZE#        #
#                            -Z(CONST)DATA16_C,DATA16_ID,TLS16_ID,DIFUNCT,CHEC #
#                            KSUM=1100-FFBF                                    #
#                            -Z(CODE)CSTART,ISR_CODE,CODE_ID=1100-FFBF         #
#                            -P(CODE)CODE=1100-FFBF                            #
#                            -Z(CONST)SIGNATURE=FFDE-FFDF                      #
#                            -Z(CODE)INTVEC=FFC0-FFFF                          #
#                            -Z(CODE)RESET=FFFE-FFFF) -f                       #
#                            E:\SoftWare\isa\430\config\linker\multiplier.xcl  #
#                            (-e?Mul8Hw=?Mul8 -e?Mul16Hw=?Mul16                #
#                            -e?Mul16to32uHw=?Mul16to32u                       #
#                            -e?Mul16to32sHw=?Mul16to32s -e?Mul32Hw=?Mul32     #
#                            -e_Mul64iHw=_Mul64i                               #
#                            -e_Mul32u32uto64iHw=_Mul32u32uto64i               #
#                            -e?Mul32fHw=_Mul32f -e_Mul64fHwPtr=_Mul64fPtr)    #
#                            -D_STACK_SIZE=50                                  #
#                            E:\SoftWare\isa\430\lib\dlib\dl430fn.r43          #
#                            -e_PrintfLarge=_Printf -e_ScanfLarge=_Scanf       #
#                            -D_DATA16_HEAP_SIZE=50 -s __program_start         #
#                            -D_DATA20_HEAP_SIZE=50)                           #
#                                                                              #
#                           Copyright (C) 1987-2016 IAR Systems AB.            #
################################################################################





                ****************************************
                *                                      *
                *           CROSS REFERENCE            *
                *                                      *
                ****************************************

       Program entry at :           1148  Relocatable, from module : ?cstart




                ****************************************
                *                                      *
                *            RUNTIME MODEL             *
                *                                      *
                ****************************************

  __Heap_Handler             = Basic
  __SystemLibrary            = DLib
  __core                     = 430
  __dlib_file_descriptor     = 0
  __dlib_full_locale_support = 0
  __double_size              = 32
  __pic                      = no
  __reg_r4                   = free
  __reg_r5                   = free
  __rt_version               = 3

                ****************************************
                *                                      *
                *    AUTOMATIC SYMBOL REDIRECTIONS     *
                *                                      *
                ****************************************

                  There are no automatic symbol redirections.



                ****************************************
                *                                      *
                *              MODULE MAP              *
                *                                      *
                ****************************************


  DEFINED ABSOLUTE ENTRIES
    *************************************************************************

  DEFINED ABSOLUTE ENTRIES
  PROGRAM MODULE, NAME : ?ABS_ENTRY_MOD

Absolute parts
           ENTRY                   ADDRESS         REF BY
           =====                   =======         ======
           _DATA20_HEAP_SIZE       0050 
           _DATA16_HEAP_SIZE       0050 
           _STACK_SIZE             0050 
           __iar_HWMUL             0130            ?Mul16to32sHw (?Mul16to32sHw)
                                                   ?Mul32Hw (?Mul32Hw)
                                                   display_year (main)
    *************************************************************************

  FILE NAME : F:\单片机\单片机课程设计\msp430dsn\msp430dsn\design\Debug\Obj\main.r43
  PROGRAM MODULE, NAME : main

  SEGMENTS IN THE MODULE
  ======================
DATA16_AN
  Relative segment, address: 0021 - 0021 (0x1 bytes), align: 0
  Segment part 1. ROOT        Intra module refs:   Port_2
                                                   Timer_A
                                                   main
                                                   setdate
                                                   setday
                                                   sethour
                                                   setmin
                                                   setmonth
                                                   setyear
           ENTRY                   ADDRESS         REF BY
           =====                   =======         ======
           P1OUT                   0021 
    -------------------------------------------------------------------------
DATA16_AN
  Relative segment, address: 0022 - 0022 (0x1 bytes), align: 0
  Segment part 2. ROOT        Intra module refs:   main
           ENTRY                   ADDRESS         REF BY
           =====                   =======         ======
           P1DIR                   0022 
    -------------------------------------------------------------------------
DATA16_AN
  Relative segment, address: 0028 - 0028 (0x1 bytes), align: 0
  Segment part 3. ROOT        Intra module refs:   getkey
           ENTRY                   ADDRESS         REF BY
           =====                   =======         ======
           P2IN                    0028 
    -------------------------------------------------------------------------
DATA16_AN
  Relative segment, address: 002B - 002B (0x1 bytes), align: 0
  Segment part 4. ROOT        Intra module refs:   Port_2
                                                   main
           ENTRY                   ADDRESS         REF BY
           =====                   =======         ======
           P2IFG                   002B 
    -------------------------------------------------------------------------
DATA16_AN
  Relative segment, address: 002C - 002C (0x1 bytes), align: 0
  Segment part 5. ROOT        Intra module refs:   main
           ENTRY                   ADDRESS         REF BY
           =====                   =======         ======
           P2IES                   002C 
    -------------------------------------------------------------------------
DATA16_AN
  Relative segment, address: 002D - 002D (0x1 bytes), align: 0
  Segment part 6. ROOT        Intra module refs:   main
           ENTRY                   ADDRESS         REF BY
           =====                   =======         ======
           P2IE                    002D 
    -------------------------------------------------------------------------
DATA16_AN
  Relative segment, address: 0019 - 0019 (0x1 bytes), align: 0
  Segment part 7. ROOT        Intra module refs:   LCD1602_write_com
                                                   LCD1602_write_data
           ENTRY                   ADDRESS         REF BY
           =====                   =======         ======
           P3OUT                   0019 
    -------------------------------------------------------------------------
DATA16_AN
  Relative segment, address: 001A - 001A (0x1 bytes), align: 0
  Segment part 8. ROOT        Intra module refs:   Port1602_init
           ENTRY                   ADDRESS         REF BY
           =====                   =======         ======
           P3DIR                   001A 
    -------------------------------------------------------------------------
DATA16_AN
  Relative segment, address: 001B - 001B (0x1 bytes), align: 0
  Segment part 9. ROOT        Intra module refs:   Port1602_init
           ENTRY                   ADDRESS         REF BY
           =====                   =======         ======
           P3SEL                   001B 
    -------------------------------------------------------------------------
DATA16_AN
  Relative segment, address: 001D - 001D (0x1 bytes), align: 0
  Segment part 10. ROOT       Intra module refs:   LCD1602_write_com
                                                   LCD1602_write_data
           ENTRY                   ADDRESS         REF BY
           =====                   =======         ======
           P4OUT                   001D 
    -------------------------------------------------------------------------
DATA16_AN
  Relative segment, address: 001E - 001E (0x1 bytes), align: 0
  Segment part 11. ROOT       Intra module refs:   Port1602_init
           ENTRY                   ADDRESS         REF BY
           =====                   =======         ======
           P4DIR                   001E 
    -------------------------------------------------------------------------
DATA16_AN
  Relative segment, address: 001F - 001F (0x1 bytes), align: 0
  Segment part 12. ROOT       Intra module refs:   Port1602_init
           ENTRY                   ADDRESS         REF BY
           =====                   =======         ======
           P4SEL                   001F 
    -------------------------------------------------------------------------
DATA16_AN
  Relative segment, address: 0160 - 0161 (0x2 bytes), align: 0
  Segment part 13. ROOT       Intra module refs:   main
           ENTRY                   ADDRESS         REF BY
           =====                   =======         ======
           TACTL                   0160 
    -------------------------------------------------------------------------
DATA16_AN
  Relative segment, address: 0162 - 0163 (0x2 bytes), align: 0
  Segment part 14. ROOT       Intra module refs:   main
           ENTRY                   ADDRESS         REF BY
           =====                   =======         ======
           TACCTL0                 0162 
    -------------------------------------------------------------------------
DATA16_AN
  Relative segment, address: 0172 - 0173 (0x2 bytes), align: 0
  Segment part 15. ROOT       Intra module refs:   Timer_A
                                                   main
           ENTRY                   ADDRESS         REF BY
           =====                   =======         ======
           TACCR0                  0172 
    -------------------------------------------------------------------------
DATA16_AN
  Relative segment, address: 0120 - 0121 (0x2 bytes), align: 0
  Segment part 16. ROOT       Intra module refs:   main
           ENTRY                   ADDRESS         REF BY
           =====                   =======         ======
           WDTCTL                  0120 
    -------------------------------------------------------------------------
<CODE> 1 (was CODE)
  Relative segment, address: 2184 - 2197 (0x14 bytes), align: 1
  Segment part 37.            Intra module refs:   main
           ENTRY                   ADDRESS         REF BY
           =====                   =======         ======
           Port1602_init           2184 
    -------------------------------------------------------------------------
<CODE> 1 (was CODE)
  Relative segment, address: 208C - 20B1 (0x26 bytes), align: 1
  Segment part 38.            Intra module refs:   LCD1602_clear
                                                   LCD1602_init
                                                   LCD1602_write_char
           ENTRY                   ADDRESS         REF BY
           =====                   =======         ======
           LCD1602_write_com       208C 
    -------------------------------------------------------------------------
<CODE> 1 (was CODE)
  Relative segment, address: 20B2 - 20D7 (0x26 bytes), align: 1
  Segment part 39.            Intra module refs:   LCD1602_write_char
           ENTRY                   ADDRESS         REF BY
           =====                   =======         ======
           LCD1602_write_data      20B2 
    -------------------------------------------------------------------------
<CODE> 1 (was CODE)
  Relative segment, address: 21CE - 21DD (0x10 bytes), align: 1
  Segment part 40.            Intra module refs:   main
           ENTRY                   ADDRESS         REF BY
           =====                   =======         ======
           LCD1602_clear           21CE 
               calls direct
    -------------------------------------------------------------------------
<CODE> 1 (was CODE)
  Relative segment, address: 20FC - 211F (0x24 bytes), align: 1
  Segment part 42.            Intra module refs:   display
                                                   display_year
                                                   setday
                                                   sethour
                                                   setmin
                                                   setmonth
           ENTRY                   ADDRESS         REF BY
           =====                   =======         ======
           LCD1602_write_char      20FC 
               calls direct
    -------------------------------------------------------------------------
<CODE> 1 (was CODE)
  Relative segment, address: 1E28 - 1E75 (0x4e bytes), align: 1
  Segment part 43.            Intra module refs:   main
           ENTRY                   ADDRESS         REF BY
           =====                   =======         ======
           LCD1602_init            1E28 
               calls direct
    -------------------------------------------------------------------------
DATA16_Z
  Relative segment, address: 0214 - 0215 (0x2 bytes), align: 1
  Segment part 22.            Intra module refs:   Timer_A
                                                   display
                                                   main
                                                   sethour
           ENTRY                   ADDRESS         REF BY
           =====                   =======         ======
           H                       0214 
    -------------------------------------------------------------------------
DATA16_Z
  Relative segment, address: 0216 - 0217 (0x2 bytes), align: 1
  Segment part 23.            Intra module refs:   Timer_A
                                                   display
                                                   main
                                                   setmin
                                                   setmonth
           ENTRY                   ADDRESS         REF BY
           =====                   =======         ======
           M                       0216 
    -------------------------------------------------------------------------
DATA16_Z
  Relative segment, address: 0218 - 0219 (0x2 bytes), align: 1
  Segment part 24.            Intra module refs:   Timer_A
                                                   display
                                                   main
           ENTRY                   ADDRESS         REF BY
           =====                   =======         ======
           S                       0218 
    -------------------------------------------------------------------------
DATA16_I
  Relative segment, address: 0200 - 0201 (0x2 bytes), align: 1
  Segment part 25.            Intra module refs:   Timer_A
                                                   display
                                                   main
                                                   setday
           ENTRY                   ADDRESS         REF BY
           =====                   =======         ======
           D                       0200 
    -------------------------------------------------------------------------
DATA16_I
  Relative segment, address: 0202 - 0203 (0x2 bytes), align: 1
  Segment part 27.            Intra module refs:   Timer_A
                                                   display
                                                   main
                                                   setmonth
           ENTRY                   ADDRESS         REF BY
           =====                   =======         ======
           MON                     0202 
    -------------------------------------------------------------------------
DATA16_I
  Relative segment, address: 0204 - 0205 (0x2 bytes), align: 1
  Segment part 29.            Intra module refs:   Timer_A
                                                   display_year
                                                   main
                                                   setyear
           ENTRY                   ADDRESS         REF BY
           =====                   =======         ======
           Y                       0204 
    -------------------------------------------------------------------------
DATA16_Z
  Relative segment, address: 023C - 023C (0x1 bytes), align: 0
  Segment part 31.            Intra module refs:   Port_2
                                                   setdate
           ENTRY                   ADDRESS         REF BY
           =====                   =======         ======
           K1                      023C 
    -------------------------------------------------------------------------
DATA16_Z
  Relative segment, address: 023D - 023D (0x1 bytes), align: 0
  Segment part 32.            Intra module refs:   Port_2
                                                   setdate
           ENTRY                   ADDRESS         REF BY
           =====                   =======         ======
           K2                      023D 
    -------------------------------------------------------------------------
DATA16_Z
  Relative segment, address: 023E - 023E (0x1 bytes), align: 0
  Segment part 33.            Intra module refs:   Port_2
                                                   setdate
           ENTRY                   ADDRESS         REF BY
           =====                   =======         ======
           K3                      023E 
    -------------------------------------------------------------------------
DATA16_Z
  Relative segment, address: 023F - 023F (0x1 bytes), align: 0
  Segment part 34.            Intra module refs:   Port_2
                                                   setdate
           ENTRY                   ADDRESS         REF BY
           =====                   =======         ======
           K4                      023F 
    -------------------------------------------------------------------------
DATA16_I
  Relative segment, address: 020A - 0213 (0xa bytes), align: 0
  Segment part 35.            Intra module refs:   display
                                                   display_year
                                                   setday
                                                   sethour
                                                   setmin
                                                   setmonth
           ENTRY                   ADDRESS         REF BY
           =====                   =======         ======
           table                   020A 
    -------------------------------------------------------------------------
<CODE> 1 (was CODE)
  Relative segment, address: 1FD8 - 2007 (0x30 bytes), align: 1
  Segment part 45.            Intra module refs:   Port_2
                                                   setdate
                                                   setday
                                                   sethour
                                                   setmin
                                                   setmonth
                                                   setyear
           ENTRY                   ADDRESS         REF BY
           =====                   =======         ======
           getkey                  1FD8 
    -------------------------------------------------------------------------
<CODE> 1 (was CODE)
  Relative segment, address: 1DD8 - 1E27 (0x50 bytes), align: 1
  Segment part 50.            Intra module refs:   Port_2
           ENTRY                   ADDRESS         REF BY
           =====                   =======         ======
           setdate                 1DD8 
               calls direct
    -------------------------------------------------------------------------
<CODE> 1 (was CODE)
  Relative segment, address: 1FA2 - 1FD7 (0x36 bytes), align: 1
  Segment part 49.            Intra module refs:   setdate
           ENTRY                   ADDRESS         REF BY
           =====                   =======         ======
           setyear                 1FA2 
               calls direct
    -------------------------------------------------------------------------
<CODE> 1 (was CODE)
  Relative segment, address: 194C - 1A0D (0xc2 bytes), align: 1
  Segment part 47.            Intra module refs:   setdate
           ENTRY                   ADDRESS         REF BY
           =====                   =======         ======
           setmonth                194C 
               calls direct
    -------------------------------------------------------------------------
<CODE> 1 (was CODE)
  Relative segment, address: 17C4 - 1887 (0xc4 bytes), align: 1
  Segment part 46.            Intra module refs:   setdate
           ENTRY                   ADDRESS         REF BY
           =====                   =======         ======
           setday                  17C4 
               calls direct
    -------------------------------------------------------------------------
<CODE> 1 (was CODE)
  Relative segment, address: 1A0E - 1ACB (0xbe bytes), align: 1
  Segment part 51.            Intra module refs:   Port_2
           ENTRY                   ADDRESS         REF BY
           =====                   =======         ======
           sethour                 1A0E 
               calls direct
    -------------------------------------------------------------------------
<CODE> 1 (was CODE)
  Relative segment, address: 1888 - 194B (0xc4 bytes), align: 1
  Segment part 52.            Intra module refs:   Port_2
           ENTRY                   ADDRESS         REF BY
           =====                   =======         ======
           setmin                  1888 
               calls direct
    -------------------------------------------------------------------------
<CODE> 1 (was CODE)
  Relative segment, address: 1444 - 15A5 (0x162 bytes), align: 1
  Segment part 53.            Intra module refs:   Timer_A
                                                   main
           ENTRY                   ADDRESS         REF BY
           =====                   =======         ======
           display                 1444 
               calls direct
    -------------------------------------------------------------------------
<CODE> 1 (was CODE)
  Relative segment, address: 16CC - 17C3 (0xf8 bytes), align: 1
  Segment part 48.            Intra module refs:   display
                                                   setyear
           ENTRY                   ADDRESS         REF BY
           =====                   =======         ======
           display_year            16CC 
               calls direct
    -------------------------------------------------------------------------
<CODE> 1 (was CODE)
  Relative segment, address: 1ACC - 1B51 (0x86 bytes), align: 1
  Segment part 54.
           ENTRY                   ADDRESS         REF BY
           =====                   =======         ======
           main                    1ACC            Segment part 18 (?cstart)
               calls direct
    -------------------------------------------------------------------------
<CODE> 1 (was CODE)
  Relative segment, address: 1BD8 - 1C4B (0x74 bytes), align: 1
  Segment part 55.            Intra module refs:   Timer_A::??INTVEC 50
           ENTRY                   ADDRESS         REF BY
           =====                   =======         ======
           Timer_A                 1BD8 
               interrupt function
               calls direct
    -------------------------------------------------------------------------
<CODE> 1 (was CODE)
  Relative segment, address: 1CBA - 1D1D (0x64 bytes), align: 1
  Segment part 56.            Intra module refs:   Port_2::??INTVEC 38
           ENTRY                   ADDRESS         REF BY
           =====                   =======         ======
           Port_2                  1CBA 
               interrupt function
               calls direct
    -------------------------------------------------------------------------
INTVEC
  Common segment, address: FFC0 - FFE7 (0x28 bytes), align: 1
  Segment part 17. ROOT 
           ENTRY                   ADDRESS         REF BY
           =====                   =======         ======
           Port_2::??INTVEC 38     FFE6 
    -------------------------------------------------------------------------
INTVEC
  Common segment, address: FFC0 - FFF3 (0x34 bytes), align: 1
  Segment part 18. ROOT 
           ENTRY                   ADDRESS         REF BY
           =====                   =======         ======
           Timer_A::??INTVEC 50    FFF2 
    -------------------------------------------------------------------------
DATA16_ID
  Relative segment, address: 1134 - 1135 (0x2 bytes), align: 1
  Segment part 26.            Intra module refs:   D
    -------------------------------------------------------------------------
DATA16_ID
  Relative segment, address: 1136 - 1137 (0x2 bytes), align: 1
  Segment part 28.            Intra module refs:   MON
    -------------------------------------------------------------------------
DATA16_ID
  Relative segment, address: 1138 - 1139 (0x2 bytes), align: 1
  Segment part 30.            Intra module refs:   Y
    -------------------------------------------------------------------------
DATA16_ID
  Relative segment, address: 113E - 1147 (0xa bytes), align: 0
  Segment part 36.            Intra module refs:   table

    *************************************************************************

  FILE NAME : E:\SoftWare\isa\430\lib\dlib\dl430fn.r43
  LIBRARY MODULE, NAME : ?abort

  SEGMENTS IN THE MODULE
  ======================
<CODE> 1 (was CODE)
  Relative segment, address: 2256 - 225B (0x6 bytes), align: 1
  Segment part 2.
           ENTRY                   ADDRESS         REF BY
           =====                   =======         ======
           abort                   2256            __record_needed_destruction (?cppinit)
               calls direct

    -------------------------------------------------------------------------
  LIBRARY MODULE, NAME : ?atexit

  SEGMENTS IN THE MODULE
  ======================
<CODE> 1 (was CODE)
  Relative segment, address: 224E - 2253 (0x6 bytes), align: 1
  Segment part 3.             Intra module refs:   __iar_Atexit
    -------------------------------------------------------------------------
<CODE> 1 (was CODE)
  Relative segment, address: 2254 - 2255 (0x2 bytes), align: 1
  Segment part 4.
           ENTRY                   ADDRESS         REF BY
           =====                   =======         ======
           __iar_Atexit            2254            __iar_Tls_setupx__Isdst_rules (?xisdst)
               calls direct

    -------------------------------------------------------------------------
  LIBRARY MODULE, NAME : ?_exit

  SEGMENTS IN THE MODULE
  ======================
<CODE> 1 (was CODE)
  Relative segment, address: 2232, align: 1
  Segment part 0.
           ENTRY                   ADDRESS         REF BY
           =====                   =======         ======
           _exit                   2232            exit (?exit)
    -------------------------------------------------------------------------
<CODE> 1 (was CODE)
  Relative segment, address: 2232 - 2233 (0x2 bytes), align: 1
  Segment part 1.             Intra module refs:   __cstart_call_dtors
    -------------------------------------------------------------------------
<CODE> 1 (was CODE)
  Relative segment, address: 2234 - 2237 (0x4 bytes), align: 1
  Segment part 2.
           ENTRY                   ADDRESS         REF BY
           =====                   =======         ======
           __cstart_call_dtors     2234            __record_needed_destruction (?cppinit)
    -------------------------------------------------------------------------
<CODE> 1 (was CODE)
  Relative segment, address: 2238 - 2239 (0x2 bytes), align: 1
  Segment part 5.             Intra module refs:   Segment part 1
    -------------------------------------------------------------------------
<CODE> 1 (was CODE)
  Relative segment, address: 223A - 223D (0x4 bytes), align: 1
  Segment part 6.             Intra module refs:   _exit

    -------------------------------------------------------------------------
  LIBRARY MODULE, NAME : ?cppinit

  SEGMENTS IN THE MODULE
  ======================
<CODE> 1 (was CODE)
  Relative segment, address: 1F32 - 1F69 (0x38 bytes), align: 1
  Segment part 5.
           ENTRY                   ADDRESS         REF BY
           =====                   =======         ======
           __alloc_record_needed_destruction
                                   1F32            Segment part 3 (?atexit)
               calls direct
    -------------------------------------------------------------------------
DATA16_Z
  Relative segment, address: 021A - 021B (0x2 bytes), align: 1
  Segment part 2.             Intra module refs:   __call_dtors
                                                   __record_needed_destruction
    -------------------------------------------------------------------------
<CODE> 1 (was CODE)
  Relative segment, address: 2066 - 208B (0x26 bytes), align: 1
  Segment part 4.             Intra module refs:   __alloc_record_needed_destruction
           ENTRY                   ADDRESS         REF BY
           =====                   =======         ======
           __record_needed_destruction
                                   2066 
               calls direct
    -------------------------------------------------------------------------
<CODE> 1 (was CODE)
  Relative segment, address: 20D8 - 20FB (0x24 bytes), align: 1
  Segment part 6.
           ENTRY                   ADDRESS         REF BY
           =====                   =======         ======
           __call_dtors            20D8            __cstart_call_dtors (?_exit)
               calls indirect

    -------------------------------------------------------------------------
  LIBRARY MODULE, NAME : ?cstart

  SEGMENTS IN THE MODULE
  ======================
CSTACK
  Relative segment, address: 09B0, align: 1
  Segment part 1.
    -------------------------------------------------------------------------
DATA16_Z
  Relative segment, address: 021C, align: 1
  Segment part 2.
    -------------------------------------------------------------------------
DATA16_I
  Relative segment, address: 0206, align: 1
  Segment part 3.
    -------------------------------------------------------------------------
DATA16_ID
  Relative segment, address: 113A, align: 1
  Segment part 4.
    -------------------------------------------------------------------------
CSTART
  Relative segment, address: 1148 - 114B (0x4 bytes), align: 1
  Segment part 9.
           ENTRY                   ADDRESS         REF BY
           =====                   =======         ======
           __program_start         1148            ?reset_vector (?reset_vector)
                                                   Absolute parts (?ABS_ENTRY_MOD)
           ?cstart_begin           1148 
    -------------------------------------------------------------------------
CSTART
  Relative segment, address: 114C - 1157 (0xc bytes), align: 1
  Segment part 13.
           ENTRY                   ADDRESS         REF BY
           =====                   =======         ======
           ?cstart_init_zero       114C            H (main)
                                                   K1 (main)
                                                   K2 (main)
                                                   K3 (main)
                                                   K4 (main)
                                                   M (main)
                                                   S (main)
                                                   Segment part 2 (?cppinit)
                                                   Segment part 2 (?xgetmemchunk)
                                                   Segment part 2 (?xisdst)
                                                   Segment part 4 (?xisdst)
                                                   Segment part 4 (?xttotm)
                                                   Segment part 5 (?xisdst)
                                                   __data16_Aldata (?xxmemxmalloc)
                                                   __iar_Tls_setup__IsdstStr (?setlocale)
                                                   __iar_Tls_setup__TzoneStr (?setlocale)
    -------------------------------------------------------------------------
CSTART
  Relative segment, address: 1158 - 1167 (0x10 bytes), align: 1
  Segment part 14.
           ENTRY                   ADDRESS         REF BY
           =====                   =======         ======
           ?cstart_init_copy       1158            D (main)
                                                   MON (main)
                                                   Y (main)
                                                   _IsdstStr (?setlocale)
                                                   _TzoneStr (?setlocale)
                                                   table (main)
    -------------------------------------------------------------------------
CSTART
  Relative segment, address: 1168 - 116F (0x8 bytes), align: 1
  Segment part 18.            Intra module refs:   Segment part 9
           ENTRY                   ADDRESS         REF BY
           =====                   =======         ======
           ?cstart_call_main       1168 
           ?cstart_end             1170 

    -------------------------------------------------------------------------
  LIBRARY MODULE, NAME : ?reset_vector

  SEGMENTS IN THE MODULE
  ======================
RESET
  Relative segment, address: FFFE - FFFF (0x2 bytes), align: 1
  Segment part 0.
           ENTRY                   ADDRESS         REF BY
           =====                   =======         ======
           ?reset_vector           FFFE            Segment part 9 (?cstart)

    -------------------------------------------------------------------------
  LIBRARY MODULE, NAME : ?Epilogue

  SEGMENTS IN THE MODULE
  ======================
<CODE> 1 (was CODE)
  Relative segment, address: 220A - 220B (0x2 bytes), align: 1
  Segment part 2.
           ENTRY                   ADDRESS         REF BY
           =====                   =======         ======
           ?Epilogue6              220A            _Getdst (?xgetdst)
                                                   __iar_Isdst32 (?xisdst)
                                                   __iar_Ttotm32 (?xttotm)
    -------------------------------------------------------------------------
<CODE> 1 (was CODE)
  Relative segment, address: 220C - 220D (0x2 bytes), align: 1
  Segment part 3.             Intra module refs:   ?Epilogue6
           ENTRY                   ADDRESS         REF BY
           =====                   =======         ======
           ?Epilogue5              220C 
    -------------------------------------------------------------------------
<CODE> 1 (was CODE)
  Relative segment, address: 220E - 220F (0x2 bytes), align: 1
  Segment part 4.             Intra module refs:   ?Epilogue5
           ENTRY                   ADDRESS         REF BY
           =====                   =======         ======
           ?Epilogue4              220E            _Gettime (?xgettime)
                                                   display_year (main)
    -------------------------------------------------------------------------
<CODE> 1 (was CODE)
  Relative segment, address: 2210 - 2217 (0x8 bytes), align: 1
  Segment part 5.             Intra module refs:   ?Epilogue4
           ENTRY                   ADDRESS         REF BY
           =====                   =======         ======
           ?Epilogue3              2210            getint (?xgetdst)

    -------------------------------------------------------------------------
  LIBRARY MODULE, NAME : ?exit

  SEGMENTS IN THE MODULE
  ======================
<CODE> 1 (was CODE)
  Relative segment, address: 2266 - 2269 (0x4 bytes), align: 1
  Segment part 2.
           ENTRY                   ADDRESS         REF BY
           =====                   =======         ======
           exit                    2266            Segment part 18 (?cstart)
               calls direct

    -------------------------------------------------------------------------
  LIBRARY MODULE, NAME : ?free

  SEGMENTS IN THE MODULE
  ======================
<CODE> 1 (was CODE)
  Relative segment, address: 2262 - 2265 (0x4 bytes), align: 1
  Segment part 2.
           ENTRY                   ADDRESS         REF BY
           =====                   =======         ======
           free                    2262            _Getdst (?xgetdst)
               calls direct

    -------------------------------------------------------------------------
  LIBRARY MODULE, NAME : ?getzone

  SEGMENTS IN THE MODULE
  ======================
<CODE> 1 (was CODE)
  Relative segment, address: 225C - 2261 (0x6 bytes), align: 1
  Segment part 3.
           ENTRY                   ADDRESS         REF BY
           =====                   =======         ======
           __getzone               225C            __iar_Isdst32 (?xisdst)
    -------------------------------------------------------------------------
DATA16_C
  Relative segment, address: 1130 - 1131 (0x2 bytes), align: 0
  Segment part 2.             Intra module refs:   __getzone

    -------------------------------------------------------------------------
  LIBRARY MODULE, NAME : ?gmtime

  SEGMENTS IN THE MODULE
  ======================
<CODE> 1 (was CODE)
  Relative segment, address: 2226 - 2231 (0xc bytes), align: 1
  Segment part 2.
           ENTRY                   ADDRESS         REF BY
           =====                   =======         ======
           __gmtime32              2226            main (main)
               calls direct

    -------------------------------------------------------------------------
  LIBRARY MODULE, NAME : ?isdigit

  SEGMENTS IN THE MODULE
  ======================
<CODE> 1 (was CODE)
  Relative segment, address: 2218 - 2225 (0xe bytes), align: 1
  Segment part 2.
           ENTRY                   ADDRESS         REF BY
           =====                   =======         ======
           isdigit                 2218            _Getdst (?xgetdst)
                                                   getint (?xgetdst)

    -------------------------------------------------------------------------
  LIBRARY MODULE, NAME : ?malloc

  SEGMENTS IN THE MODULE
  ======================
<CODE> 1 (was CODE)
  Relative segment, address: 226E - 2271 (0x4 bytes), align: 1
  Segment part 2.
           ENTRY                   ADDRESS         REF BY
           =====                   =======         ======
           malloc                  226E            _Getdst (?xgetdst)
                                                   __alloc_record_needed_destruction (?cppinit)
               calls direct

    -------------------------------------------------------------------------
  LIBRARY MODULE, NAME : ?DivMod816u

  SEGMENTS IN THE MODULE
  ======================
<CODE> 1 (was CODE)
  Relative segment, address: 2156 - 216D (0x18 bytes), align: 1
  Segment part 1.
           ENTRY                   ADDRESS         REF BY
           =====                   =======         ======
           ?DivMod16u              2156            ?DivMod16s (?DivMod816s)

    -------------------------------------------------------------------------
  LIBRARY MODULE, NAME : ?DivMod816s

  SEGMENTS IN THE MODULE
  ======================
<CODE> 1 (was CODE)
  Relative segment, address: 2008 - 2037 (0x30 bytes), align: 1
  Segment part 1.
           ENTRY                   ADDRESS         REF BY
           =====                   =======         ======
           ?DivMod16s              2008            __iar_Daysto32 (?xttotm)
                                                   __iar_Isdst32 (?xisdst)
                                                   display (main)
                                                   display_year (main)
                                                   setday (main)
                                                   sethour (main)
                                                   setmin (main)
                                                   setmonth (main)

    -------------------------------------------------------------------------
  LIBRARY MODULE, NAME : ?DivMod32u

  SEGMENTS IN THE MODULE
  ======================
<CODE> 1 (was CODE)
  Relative segment, address: 1F6A - 1FA1 (0x38 bytes), align: 1
  Segment part 0.
           ENTRY                   ADDRESS         REF BY
           =====                   =======         ======
           ?DivMod32u              1F6A            ?DivMod32s (?DivMod32s)
                                                   __iar_Ttotm32 (?xttotm)

    -------------------------------------------------------------------------
  LIBRARY MODULE, NAME : ?DivMod32s

  SEGMENTS IN THE MODULE
  ======================
<CODE> 1 (was CODE)
  Relative segment, address: 1EB8 - 1EF7 (0x40 bytes), align: 1
  Segment part 0.
           ENTRY                   ADDRESS         REF BY
           =====                   =======         ======
           ?DivMod32s              1EB8            __iar_Isdst32 (?xisdst)
                                                   __iar_Ttotm32 (?xttotm)

    -------------------------------------------------------------------------
  LIBRARY MODULE, NAME : ?ShiftLeft16_n

  SEGMENTS IN THE MODULE
  ======================
<CODE> 1 (was CODE)
  Relative segment, address: 2246 - 224D (0x8 bytes), align: 1
  Segment part 4.
           ENTRY                   ADDRESS         REF BY
           =====                   =======         ======
           ?ShiftLeft16_3          2246            __iar_Isdst32 (?xisdst)

    -------------------------------------------------------------------------
  LIBRARY MODULE, NAME : ?memcpy

  SEGMENTS IN THE MODULE
  ======================
<CODE> 1 (was CODE)
  Relative segment, address: 21AA - 21BB (0x12 bytes), align: 1
  Segment part 2.
           ENTRY                   ADDRESS         REF BY
           =====                   =======         ======
           memcpy                  21AA            __data16_memcpy (?memzero)

    -------------------------------------------------------------------------
  LIBRARY MODULE, NAME : ?memzero

  SEGMENTS IN THE MODULE
  ======================
<CODE> 1 (was CODE)
  Relative segment, address: 21DE - 21ED (0x10 bytes), align: 1
  Segment part 2.
           ENTRY                   ADDRESS         REF BY
           =====                   =======         ======
           __data16_memzero        21DE            ?cstart_init_zero (?cstart)
    -------------------------------------------------------------------------
<CODE> 1 (was CODE)
  Relative segment, address: 226A - 226D (0x4 bytes), align: 1
  Segment part 3.
           ENTRY                   ADDRESS         REF BY
           =====                   =======         ======
           __data16_memcpy         226A            ?cstart_init_copy (?cstart)
               calls direct

    -------------------------------------------------------------------------
  LIBRARY MODULE, NAME : ?Mul16to32sHw

  SEGMENTS IN THE MODULE
  ======================
<CODE> 1 (was CODE)
  Relative segment, address: 213E - 2155 (0x18 bytes), align: 1
  Segment part 0.
           ENTRY                   ADDRESS         REF BY
           =====                   =======         ======
           ?Mul16to32sHw           213E            __iar_Isdst32 (?xisdst)
                                                   __iar_Ttotm32 (?xttotm)

    -------------------------------------------------------------------------
  LIBRARY MODULE, NAME : ?Mul32Hw

  SEGMENTS IN THE MODULE
  ======================
<CODE> 1 (was CODE)
  Relative segment, address: 2038 - 2065 (0x2e bytes), align: 1
  Segment part 0.
           ENTRY                   ADDRESS         REF BY
           =====                   =======         ======
           ?Mul32Hw                2038            Segment part 8 (?xttotm)

    -------------------------------------------------------------------------
  LIBRARY MODULE, NAME : ?setlocale

  SEGMENTS IN THE MODULE
  ======================
DATA16_I
  Relative segment, address: 0206 - 0207 (0x2 bytes), align: 1
  Segment part 3.
           ENTRY                   ADDRESS         REF BY
           =====                   =======         ======
           _TzoneStr               0206            __iar_Isdst32 (?xisdst)
    -------------------------------------------------------------------------
DATA16_Z
  Relative segment, address: 021C - 021D (0x2 bytes), align: 1
  Segment part 5.
           ENTRY                   ADDRESS         REF BY
           =====                   =======         ======
           __iar_Tls_setup__TzoneStr
                                   021C            __iar_Isdst32 (?xisdst)
    -------------------------------------------------------------------------
DATA16_I
  Relative segment, address: 0208 - 0209 (0x2 bytes), align: 1
  Segment part 6.
           ENTRY                   ADDRESS         REF BY
           =====                   =======         ======
           _IsdstStr               0208            __iar_Isdst32 (?xisdst)
    -------------------------------------------------------------------------
DATA16_Z
  Relative segment, address: 021E - 021F (0x2 bytes), align: 1
  Segment part 8.
           ENTRY                   ADDRESS         REF BY
           =====                   =======         ======
           __iar_Tls_setup__IsdstStr
                                   021E            __iar_Isdst32 (?xisdst)
    -------------------------------------------------------------------------
DATA16_ID
  Relative segment, address: 113A - 113B (0x2 bytes), align: 1
  Segment part 4.             Intra module refs:   _TzoneStr
    -------------------------------------------------------------------------
DATA16_ID
  Relative segment, address: 113C - 113D (0x2 bytes), align: 1
  Segment part 7.             Intra module refs:   _IsdstStr
    -------------------------------------------------------------------------
DATA16_C
  Relative segment, address: 1132 - 1132 (0x1 bytes), align: 0
  Segment part 2.             Intra module refs:   Segment part 4
                                                   Segment part 7

    -------------------------------------------------------------------------
  LIBRARY MODULE, NAME : ?strchr

  SEGMENTS IN THE MODULE
  ======================
<CODE> 1 (was CODE)
  Relative segment, address: 21EE - 21FB (0xe bytes), align: 1
  Segment part 2.
           ENTRY                   ADDRESS         REF BY
           =====                   =======         ======
           __iar_Strchr            21EE            _Getdst (?xgetdst)
                                                   _Gettime (?xgettime)

    -------------------------------------------------------------------------
  LIBRARY MODULE, NAME : ?strlen

  SEGMENTS IN THE MODULE
  ======================
<CODE> 1 (was CODE)
  Relative segment, address: 21BC - 21CD (0x12 bytes), align: 1
  Segment part 2.
           ENTRY                   ADDRESS         REF BY
           =====                   =======         ======
           strlen                  21BC            _Gettime (?xgettime)

    -------------------------------------------------------------------------
  LIBRARY MODULE, NAME : ?time

  SEGMENTS IN THE MODULE
  ======================
<CODE> 1 (was CODE)
  Relative segment, address: 2198 - 21A9 (0x12 bytes), align: 1
  Segment part 2.
           ENTRY                   ADDRESS         REF BY
           =====                   =======         ======
           __time32                2198            main (main)

    -------------------------------------------------------------------------
  LIBRARY MODULE, NAME : ?xgetdst

  SEGMENTS IN THE MODULE
  ======================
<CODE> 1 (was CODE)
  Relative segment, address: 1EF8 - 1F31 (0x3a bytes), align: 1
  Segment part 2.             Intra module refs:   _Getdst
           LOCAL                   ADDRESS         
           =====                   =======         
           getint                  1EF8 
               calls direct
    -------------------------------------------------------------------------
<CODE> 1 (was CODE)
  Relative segment, address: 15A6 - 16CB (0x126 bytes), align: 1
  Segment part 3.
           ENTRY                   ADDRESS         REF BY
           =====                   =======         ======
           _Getdst                 15A6            __iar_Isdst32 (?xisdst)
               calls direct

    -------------------------------------------------------------------------
  LIBRARY MODULE, NAME : ?xgetmemchunk

  SEGMENTS IN THE MODULE
  ======================
<CODE> 1 (was CODE)
  Relative segment, address: 2120 - 213D (0x1e bytes), align: 1
  Segment part 3.
           ENTRY                   ADDRESS         REF BY
           =====                   =======         ======
           __data16_GetMemChunk    2120            __data16_findmem (?xxmemxmalloc)
    -------------------------------------------------------------------------
DATA16_Z
  Relative segment, address: 0220 - 0221 (0x2 bytes), align: 1
  Segment part 2.             Intra module refs:   __data16_GetMemChunk
    -------------------------------------------------------------------------
DATA16_HEAP
  Relative segment, address: 0242, align: 1
  Segment part 4.

    -------------------------------------------------------------------------
  LIBRARY MODULE, NAME : ?xgettime

  SEGMENTS IN THE MODULE
  ======================
<CODE> 1 (was CODE)
  Relative segment, address: 1D82 - 1DD7 (0x56 bytes), align: 1
  Segment part 2.
           ENTRY                   ADDRESS         REF BY
           =====                   =======         ======
           _Gettime                1D82            __iar_Isdst32 (?xisdst)
               calls direct

    -------------------------------------------------------------------------
  LIBRARY MODULE, NAME : ?xisdst

  SEGMENTS IN THE MODULE
  ======================
DATA16_Z
  Relative segment, address: 0222 - 0223 (0x2 bytes), align: 1
  Segment part 2.             Intra module refs:   __iar_Isdst32
    -------------------------------------------------------------------------
<CODE> 1 (was CODE)
  Relative segment, address: 223E - 2245 (0x8 bytes), align: 1
  Segment part 8.             Intra module refs:   __iar_Tls_setupx__Isdst_rules
           LOCAL                   ADDRESS         
           =====                   =======         
           __iar_Tls_dtor__Isdst_rules
                                   223E 
               calls direct
    -------------------------------------------------------------------------
<CODE> 1 (was CODE)
  Relative segment, address: 216E - 2183 (0x16 bytes), align: 1
  Segment part 9.             Intra module refs:   __iar_Isdst32
           LOCAL                   ADDRESS         
           =====                   =======         
           __iar_Tls_setupx__Isdst_rules
                                   216E 
               calls direct
    -------------------------------------------------------------------------
DATA16_Z
  Relative segment, address: 0224 - 0225 (0x2 bytes), align: 1
  Segment part 4.             Intra module refs:   __iar_Isdst32
                                                   __iar_Tls_dtor__Isdst_rules
    -------------------------------------------------------------------------
DATA16_Z
  Relative segment, address: 0240 - 0240 (0x1 bytes), align: 0
  Segment part 5.             Intra module refs:   __iar_Tls_setupx__Isdst_rules
    -------------------------------------------------------------------------
<CODE> 1 (was CODE)
  Relative segment, address: 12DE - 1443 (0x166 bytes), align: 1
  Segment part 10.
           ENTRY                   ADDRESS         REF BY
           =====                   =======         ======
           __iar_Isdst32           12DE            __iar_Ttotm32 (?xttotm)
               calls direct and indirect

    -------------------------------------------------------------------------
  LIBRARY MODULE, NAME : ?xttotm

  SEGMENTS IN THE MODULE
  ======================
DATA16_C
  Relative segment, address: 1100 - 1117 (0x18 bytes), align: 1
  Segment part 2.             Intra module refs:   __iar_Daysto32
                                                   __iar_Ttotm32
    -------------------------------------------------------------------------
DATA16_C
  Relative segment, address: 1118 - 112F (0x18 bytes), align: 1
  Segment part 3.             Intra module refs:   __iar_Daysto32
                                                   __iar_Ttotm32
    -------------------------------------------------------------------------
DATA16_Z
  Relative segment, address: 0226 - 0237 (0x12 bytes), align: 1
  Segment part 4.             Intra module refs:   __iar_Ttotm32
    -------------------------------------------------------------------------
<CODE> 1 (was CODE)
  Relative segment, address: 1E76 - 1EB7 (0x42 bytes), align: 1
  Segment part 6.             Intra module refs:   __iar_Ttotm32
           ENTRY                   ADDRESS         REF BY
           =====                   =======         ======
           __iar_Daysto32          1E76            __iar_Isdst32 (?xisdst)
               calls direct
    -------------------------------------------------------------------------
<CODE> 1 (was CODE)
  Relative segment, address: 1170 - 12DD (0x16e bytes), align: 1
  Segment part 7.
           ENTRY                   ADDRESS         REF BY
           =====                   =======         ======
           __iar_Ttotm32           1170            __gmtime32 (?gmtime)
               calls direct
    -------------------------------------------------------------------------
<CODE> 1 (was CODE)
  Relative segment, address: 21FC - 2209 (0xe bytes), align: 1
  Segment part 8.             Intra module refs:   __iar_Ttotm32

    -------------------------------------------------------------------------
  LIBRARY MODULE, NAME : ?__exit

  SEGMENTS IN THE MODULE
  ======================
<CODE> 1 (was CODE)
  Relative segment, address: 2272 - 2273 (0x2 bytes), align: 1
  Segment part 2.
           ENTRY                   ADDRESS         REF BY
           =====                   =======         ======
           __exit                  2272            Segment part 6 (?_exit)
                                                   _exit (?_exit)
                                                   abort (?abort)

    -------------------------------------------------------------------------
  LIBRARY MODULE, NAME : ?xxmemxfree

  SEGMENTS IN THE MODULE
  ======================
<CODE> 1 (was CODE)
  Relative segment, address: 1B52 - 1BD7 (0x86 bytes), align: 1
  Segment part 2.
           ENTRY                   ADDRESS         REF BY
           =====                   =======         ======
           __data16_free           1B52            __data16_findmem (?xxmemxmalloc)
                                                   __iar_Isdst32 (?xisdst)
                                                   __iar_Tls_dtor__Isdst_rules (?xisdst)
                                                   free (?free)

    -------------------------------------------------------------------------
  LIBRARY MODULE, NAME : ?xxmemxmalloc

  SEGMENTS IN THE MODULE
  ======================
DATA16_Z
  Relative segment, address: 0238 - 023B (0x4 bytes), align: 1
  Segment part 2.             Intra module refs:   __data16_findmem
                                                   __data16_malloc
           ENTRY                   ADDRESS         REF BY
           =====                   =======         ======
           __data16_Aldata         0238            __data16_free (?xxmemxfree)
    -------------------------------------------------------------------------
<CODE> 1 (was CODE)
  Relative segment, address: 1D1E - 1D81 (0x64 bytes), align: 1
  Segment part 3.             Intra module refs:   __data16_malloc
           LOCAL                   ADDRESS         
           =====                   =======         
           __data16_findmem        1D1E 
               calls direct
    -------------------------------------------------------------------------
<CODE> 1 (was CODE)
  Relative segment, address: 1C4C - 1CB9 (0x6e bytes), align: 1
  Segment part 4.
           ENTRY                   ADDRESS         REF BY
           =====                   =======         ======
           __data16_malloc         1C4C            malloc (?malloc)
               calls direct




                ****************************************
                *                                      *
                *      SEGMENTS IN ADDRESS ORDER       *
                *                                      *
                ****************************************


SEGMENT              SPACE    START ADDRESS   END ADDRESS     SIZE  TYPE  ALIGN
=======              =====    =============   ===========     ====  ====  =====
DATA16_AN                              0019 - 001B               3   rel    0
                                       001D - 001F               3 
                                       0021 - 0022               2 
                                       0028 - 0028               1 
                                       002B - 002D               3 
                                       0120 - 0121               2 
                                       0160 - 0163               4 
                                       0172 - 0173               2 
DATA16_I                               0200 - 0213              14   rel    1
DATA16_Z                               0214 - 0240              2D   rel    1
DATA16_HEAP                            0242 - 0291              50   rel    1
CSTACK                                 09B0 - 09FF              50   rel    1
DATA16_C                               1100 - 1132              33   rel    1
DATA16_ID                              1134 - 1147              14   rel    1
CSTART                                 1148 - 116F              28   rel    1
<CODE> 1                               1170 - 2273            1104   rel    1
INTVEC                                 FFC0 - FFF3              34   com    1
RESET                                  FFFE - FFFF               2   rel    1

                ****************************************
                *                                      *
                *        END OF CROSS REFERENCE        *
                *                                      *
                ****************************************

 4 450 bytes of CODE  memory
   225 bytes of DATA  memory (+ 20 absolute )
    71 bytes of CONST memory

Errors: none
Warnings: none

